{"protocolVersion":"0.1.1","runnerVersion":"1.25.15","pid":28788,"type":"start","time":0}
{"suite":{"id":0,"platform":"vm","path":"G:/ProjekteFlutter/visit_app_flutter_android/test/application/providers/branding_provider_test.dart"},"type":"suite","time":0}
{"test":{"id":1,"name":"loading G:/ProjekteFlutter/visit_app_flutter_android/test/application/providers/branding_provider_test.dart","suiteID":0,"groupIDs":[],"metadata":{"skip":false,"skipReason":null},"line":null,"column":null,"url":null},"type":"testStart","time":0}
{"suite":{"id":2,"platform":"vm","path":"G:/ProjekteFlutter/visit_app_flutter_android/test/application/providers/collection_provider_test.dart"},"type":"suite","time":5}
{"test":{"id":3,"name":"loading G:/ProjekteFlutter/visit_app_flutter_android/test/application/providers/collection_provider_test.dart","suiteID":2,"groupIDs":[],"metadata":{"skip":false,"skipReason":null},"line":null,"column":null,"url":null},"type":"testStart","time":5}
{"suite":{"id":4,"platform":"vm","path":"G:/ProjekteFlutter/visit_app_flutter_android/test/application/providers/episode_paging_provider_test.dart"},"type":"suite","time":5}
{"test":{"id":5,"name":"loading G:/ProjekteFlutter/visit_app_flutter_android/test/application/providers/episode_paging_provider_test.dart","suiteID":4,"groupIDs":[],"metadata":{"skip":false,"skipReason":null},"line":null,"column":null,"url":null},"type":"testStart","time":5}
{"suite":{"id":6,"platform":"vm","path":"G:/ProjekteFlutter/visit_app_flutter_android/test/application/providers/feature_flags_provider_test.dart"},"type":"suite","time":5}
{"test":{"id":7,"name":"loading G:/ProjekteFlutter/visit_app_flutter_android/test/application/providers/feature_flags_provider_test.dart","suiteID":6,"groupIDs":[],"metadata":{"skip":false,"skipReason":null},"line":null,"column":null,"url":null},"type":"testStart","time":5}
{"suite":{"id":8,"platform":"vm","path":"G:/ProjekteFlutter/visit_app_flutter_android/test/core/services/audio_player_bloc_test.dart"},"type":"suite","time":5}
{"test":{"id":9,"name":"loading G:/ProjekteFlutter/visit_app_flutter_android/test/core/services/audio_player_bloc_test.dart","suiteID":8,"groupIDs":[],"metadata":{"skip":false,"skipReason":null},"line":null,"column":null,"url":null},"type":"testStart","time":5}
{"suite":{"id":10,"platform":"vm","path":"G:/ProjekteFlutter/visit_app_flutter_android/test/core/services/cast_airplay_service_test.dart"},"type":"suite","time":6}
{"test":{"id":11,"name":"loading G:/ProjekteFlutter/visit_app_flutter_android/test/core/services/cast_airplay_service_test.dart","suiteID":10,"groupIDs":[],"metadata":{"skip":false,"skipReason":null},"line":null,"column":null,"url":null},"type":"testStart","time":6}
{"count":19,"time":7,"type":"allSuites"}

[{"event":"test.startedProcess","params":{"vmServiceUri":null,"observatoryUri":null}}]

[{"event":"test.startedProcess","params":{"vmServiceUri":null,"observatoryUri":null}}]
{"testID":1,"result":"success","skipped":false,"hidden":true,"type":"testDone","time":2246}
{"group":{"id":12,"suiteID":0,"parentID":null,"name":"","metadata":{"skip":false,"skipReason":null},"testCount":2,"line":null,"column":null,"url":null},"type":"group","time":2249}
{"group":{"id":13,"suiteID":0,"parentID":12,"name":"BrandingProvider","metadata":{"skip":false,"skipReason":null},"testCount":2,"line":18,"column":3,"url":"file:///G:/ProjekteFlutter/visit_app_flutter_android/test/application/providers/branding_provider_test.dart"},"type":"group","time":2250}
{"test":{"id":14,"name":"BrandingProvider l├ñdt Branding dynamisch bei CollectionId-Wechsel (Mock)","suiteID":0,"groupIDs":[12,13],"metadata":{"skip":false,"skipReason":null},"line":23,"column":5,"url":"file:///G:/ProjekteFlutter/visit_app_flutter_android/test/application/providers/branding_provider_test.dart"},"type":"testStart","time":2250}
{"testID":3,"result":"success","skipped":false,"hidden":true,"type":"testDone","time":2523}
{"group":{"id":15,"suiteID":2,"parentID":null,"name":"","metadata":{"skip":false,"skipReason":null},"testCount":1,"line":null,"column":null,"url":null},"type":"group","time":2523}
{"group":{"id":16,"suiteID":2,"parentID":15,"name":"collectionIdProvider","metadata":{"skip":false,"skipReason":null},"testCount":1,"line":9,"column":3,"url":"file:///G:/ProjekteFlutter/visit_app_flutter_android/test/application/providers/collection_provider_test.dart"},"type":"group","time":2524}
{"test":{"id":17,"name":"collectionIdProvider ├ñndert Wert korrekt bei CollectionId-Wechsel","suiteID":2,"groupIDs":[15,16],"metadata":{"skip":false,"skipReason":null},"line":35,"column":5,"url":"file:///G:/ProjekteFlutter/visit_app_flutter_android/test/application/providers/collection_provider_test.dart"},"type":"testStart","time":2524}
{"testID":17,"result":"success","skipped":false,"hidden":false,"type":"testDone","time":2595}
{"testID":14,"result":"success","skipped":false,"hidden":false,"type":"testDone","time":2606}
{"test":{"id":18,"name":"BrandingProvider f├ñllt auf Platzhalter zur├╝ck bei ung├╝ltiger CollectionId (Mock)","suiteID":0,"groupIDs":[12,13],"metadata":{"skip":false,"skipReason":null},"line":39,"column":5,"url":"file:///G:/ProjekteFlutter/visit_app_flutter_android/test/application/providers/branding_provider_test.dart"},"type":"testStart","time":2606}
{"suite":{"id":19,"platform":"vm","path":"G:/ProjekteFlutter/visit_app_flutter_android/test/core/services/episode_paging_cache_service_integration_test.dart"},"type":"suite","time":2618}
{"test":{"id":20,"name":"loading G:/ProjekteFlutter/visit_app_flutter_android/test/core/services/episode_paging_cache_service_integration_test.dart","suiteID":19,"groupIDs":[],"metadata":{"skip":false,"skipReason":null},"line":null,"column":null,"url":null},"type":"testStart","time":2618}
{"testID":18,"result":"success","skipped":false,"hidden":false,"type":"testDone","time":2912}
{"suite":{"id":21,"platform":"vm","path":"G:/ProjekteFlutter/visit_app_flutter_android/test/core/services/episode_paging_cache_service_test.dart"},"type":"suite","time":2929}
{"test":{"id":22,"name":"loading G:/ProjekteFlutter/visit_app_flutter_android/test/core/services/episode_paging_cache_service_test.dart","suiteID":21,"groupIDs":[],"metadata":{"skip":false,"skipReason":null},"line":null,"column":null,"url":null},"type":"testStart","time":2929}

[{"event":"test.startedProcess","params":{"vmServiceUri":null,"observatoryUri":null}}]
{"testID":5,"result":"success","skipped":false,"hidden":true,"type":"testDone","time":5503}
{"group":{"id":23,"suiteID":4,"parentID":null,"name":"","metadata":{"skip":false,"skipReason":null},"testCount":1,"line":null,"column":null,"url":null},"type":"group","time":5504}
{"group":{"id":24,"suiteID":4,"parentID":23,"name":"EpisodePagingProvider","metadata":{"skip":false,"skipReason":null},"testCount":1,"line":10,"column":3,"url":"file:///G:/ProjekteFlutter/visit_app_flutter_android/test/application/providers/episode_paging_provider_test.dart"},"type":"group","time":5504}
{"test":{"id":25,"name":"EpisodePagingProvider L├ñdt und kombiniert Episoden-Seiten korrekt","suiteID":4,"groupIDs":[23,24],"metadata":{"skip":false,"skipReason":null},"line":27,"column":5,"url":"file:///G:/ProjekteFlutter/visit_app_flutter_android/test/application/providers/episode_paging_provider_test.dart"},"type":"testStart","time":5504}
{"testID":25,"result":"success","skipped":false,"hidden":false,"type":"testDone","time":5606}
{"suite":{"id":26,"platform":"vm","path":"G:/ProjekteFlutter/visit_app_flutter_android/test/core/services/itunes_fetch_serialization_integration_test.dart"},"type":"suite","time":5624}
{"test":{"id":27,"name":"loading G:/ProjekteFlutter/visit_app_flutter_android/test/core/services/itunes_fetch_serialization_integration_test.dart","suiteID":26,"groupIDs":[],"metadata":{"skip":false,"skipReason":null},"line":null,"column":null,"url":null},"type":"testStart","time":5624}

[{"event":"test.startedProcess","params":{"vmServiceUri":null,"observatoryUri":null}}]
{"testID":7,"result":"success","skipped":false,"hidden":true,"type":"testDone","time":6405}
{"group":{"id":28,"suiteID":6,"parentID":null,"name":"","metadata":{"skip":false,"skipReason":null},"testCount":2,"line":null,"column":null,"url":null},"type":"group","time":6405}
{"group":{"id":29,"suiteID":6,"parentID":28,"name":"FeatureFlagsProvider Fallback/Placeholder","metadata":{"skip":false,"skipReason":null},"testCount":2,"line":44,"column":3,"url":"file:///G:/ProjekteFlutter/visit_app_flutter_android/test/application/providers/feature_flags_provider_test.dart"},"type":"group","time":6405}
{"test":{"id":30,"name":"FeatureFlagsProvider Fallback/Placeholder Fallback auf Placeholder, wenn kein Cache vorhanden","suiteID":6,"groupIDs":[28,29],"metadata":{"skip":false,"skipReason":null},"line":53,"column":5,"url":"file:///G:/ProjekteFlutter/visit_app_flutter_android/test/application/providers/feature_flags_provider_test.dart"},"type":"testStart","time":6405}
{"testID":30,"result":"success","skipped":false,"hidden":false,"type":"testDone","time":6450}
{"test":{"id":31,"name":"FeatureFlagsProvider Fallback/Placeholder L├ñdt Flags aus Cache, wenn frisch","suiteID":6,"groupIDs":[28,29],"metadata":{"skip":false,"skipReason":null},"line":70,"column":5,"url":"file:///G:/ProjekteFlutter/visit_app_flutter_android/test/application/providers/feature_flags_provider_test.dart"},"type":"testStart","time":6450}
{"testID":31,"result":"success","skipped":false,"hidden":false,"type":"testDone","time":6460}
{"suite":{"id":32,"platform":"vm","path":"G:/ProjekteFlutter/visit_app_flutter_android/test/core/services/merge_service_rss_integration_test.dart"},"type":"suite","time":6477}
{"test":{"id":33,"name":"loading G:/ProjekteFlutter/visit_app_flutter_android/test/core/services/merge_service_rss_integration_test.dart","suiteID":32,"groupIDs":[],"metadata":{"skip":false,"skipReason":null},"line":null,"column":null,"url":null},"type":"testStart","time":6477}

[{"event":"test.startedProcess","params":{"vmServiceUri":null,"observatoryUri":null}}]

[{"event":"test.startedProcess","params":{"vmServiceUri":null,"observatoryUri":null}}]

[{"event":"test.startedProcess","params":{"vmServiceUri":null,"observatoryUri":null}}]
{"testID":9,"result":"success","skipped":false,"hidden":true,"type":"testDone","time":6881}
{"group":{"id":34,"suiteID":8,"parentID":null,"name":"","metadata":{"skip":false,"skipReason":null},"testCount":4,"line":null,"column":null,"url":null},"type":"group","time":6882}
{"test":{"id":35,"name":"(setUpAll)","suiteID":8,"groupIDs":[34],"metadata":{"skip":false,"skipReason":null},"line":10,"column":3,"url":"file:///G:/ProjekteFlutter/visit_app_flutter_android/test/core/services/audio_player_bloc_test.dart"},"type":"testStart","time":6882}
{"testID":35,"result":"success","skipped":false,"hidden":true,"type":"testDone","time":6900}
{"group":{"id":36,"suiteID":8,"parentID":34,"name":"AudioPlayerBloc","metadata":{"skip":false,"skipReason":null},"testCount":4,"line":13,"column":3,"url":"file:///G:/ProjekteFlutter/visit_app_flutter_android/test/core/services/audio_player_bloc_test.dart"},"type":"group","time":6901}
{"test":{"id":37,"name":"AudioPlayerBloc Initialzustand ist Idle","suiteID":8,"groupIDs":[34,36],"metadata":{"skip":false,"skipReason":null},"line":33,"column":5,"url":"file:///G:/ProjekteFlutter/visit_app_flutter_android/test/core/services/audio_player_bloc_test.dart"},"type":"testStart","time":6901}
{"testID":37,"result":"success","skipped":false,"hidden":false,"type":"testDone","time":6940}
{"test":{"id":38,"name":"AudioPlayerBloc PlayEpisode f├╝hrt zu Loading und dann Playing","suiteID":8,"groupIDs":[34,36],"metadata":{"skip":false,"skipReason":null},"line":37,"column":5,"url":"file:///G:/ProjekteFlutter/visit_app_flutter_android/test/core/services/audio_player_bloc_test.dart"},"type":"testStart","time":6941}
{"testID":38,"messageType":"print","message":"[AudioPlayerBloc] PlayEpisode mit URL: https://audio/test.mp3","type":"print","time":6959}
{"testID":38,"result":"success","skipped":false,"hidden":false,"type":"testDone","time":6998}
{"test":{"id":39,"name":"AudioPlayerBloc Pause aus Playing f├╝hrt zu Paused","suiteID":8,"groupIDs":[34,36],"metadata":{"skip":false,"skipReason":null},"line":49,"column":5,"url":"file:///G:/ProjekteFlutter/visit_app_flutter_android/test/core/services/audio_player_bloc_test.dart"},"type":"testStart","time":6999}
{"testID":11,"result":"success","skipped":false,"hidden":true,"type":"testDone","time":7050}
{"group":{"id":40,"suiteID":10,"parentID":null,"name":"","metadata":{"skip":false,"skipReason":null},"testCount":3,"line":null,"column":null,"url":null},"type":"group","time":7050}
{"group":{"id":41,"suiteID":10,"parentID":40,"name":"CastAirPlayServiceMock","metadata":{"skip":false,"skipReason":null},"testCount":3,"line":5,"column":3,"url":"file:///G:/ProjekteFlutter/visit_app_flutter_android/test/core/services/cast_airplay_service_test.dart"},"type":"group","time":7050}
{"test":{"id":42,"name":"CastAirPlayServiceMock discoverDevices liefert Ger├ñte","suiteID":10,"groupIDs":[40,41],"metadata":{"skip":false,"skipReason":null},"line":12,"column":5,"url":"file:///G:/ProjekteFlutter/visit_app_flutter_android/test/core/services/cast_airplay_service_test.dart"},"type":"testStart","time":7050}
{"testID":39,"result":"success","skipped":false,"hidden":false,"type":"testDone","time":7053}
{"test":{"id":43,"name":"AudioPlayerBloc Stop f├╝hrt zu Idle","suiteID":8,"groupIDs":[34,36],"metadata":{"skip":false,"skipReason":null},"line":60,"column":5,"url":"file:///G:/ProjekteFlutter/visit_app_flutter_android/test/core/services/audio_player_bloc_test.dart"},"type":"testStart","time":7054}

[{"event":"test.startedProcess","params":{"vmServiceUri":null,"observatoryUri":null}}]
{"testID":43,"result":"success","skipped":false,"hidden":false,"type":"testDone","time":7113}
{"test":{"id":44,"name":"(tearDownAll)","suiteID":8,"groupIDs":[34],"metadata":{"skip":false,"skipReason":null},"line":null,"column":null,"url":null},"type":"testStart","time":7117}
{"testID":44,"result":"success","skipped":false,"hidden":true,"type":"testDone","time":7119}
{"suite":{"id":45,"platform":"vm","path":"G:/ProjekteFlutter/visit_app_flutter_android/test/core/services/merge_service_test.dart"},"type":"suite","time":7137}
{"test":{"id":46,"name":"loading G:/ProjekteFlutter/visit_app_flutter_android/test/core/services/merge_service_test.dart","suiteID":45,"groupIDs":[],"metadata":{"skip":false,"skipReason":null},"line":null,"column":null,"url":null},"type":"testStart","time":7137}
{"testID":20,"result":"success","skipped":false,"hidden":true,"type":"testDone","time":7239}
{"group":{"id":47,"suiteID":19,"parentID":null,"name":"","metadata":{"skip":false,"skipReason":null},"testCount":1,"line":null,"column":null,"url":null},"type":"group","time":7239}
{"group":{"id":48,"suiteID":19,"parentID":47,"name":"EpisodePagingCacheService Integration","metadata":{"skip":false,"skipReason":null},"testCount":1,"line":8,"column":3,"url":"file:///G:/ProjekteFlutter/visit_app_flutter_android/test/core/services/episode_paging_cache_service_integration_test.dart"},"type":"group","time":7239}
{"test":{"id":49,"name":"EpisodePagingCacheService Integration Serialisierung/Deserialisierung bleibt 1:1 erhalten","suiteID":19,"groupIDs":[47,48],"metadata":{"skip":false,"skipReason":null},"line":23,"column":5,"url":"file:///G:/ProjekteFlutter/visit_app_flutter_android/test/core/services/episode_paging_cache_service_integration_test.dart"},"type":"testStart","time":7239}

[{"event":"test.startedProcess","params":{"vmServiceUri":null,"observatoryUri":null}}]
{"testID":49,"result":"success","skipped":false,"hidden":false,"type":"testDone","time":7310}
{"suite":{"id":50,"platform":"vm","path":"G:/ProjekteFlutter/visit_app_flutter_android/test/core/services/merge_service_unit_test.dart"},"type":"suite","time":7329}
{"test":{"id":51,"name":"loading G:/ProjekteFlutter/visit_app_flutter_android/test/core/services/merge_service_unit_test.dart","suiteID":50,"groupIDs":[],"metadata":{"skip":false,"skipReason":null},"line":null,"column":null,"url":null},"type":"testStart","time":7330}
{"testID":42,"result":"success","skipped":false,"hidden":false,"type":"testDone","time":7375}
{"test":{"id":52,"name":"CastAirPlayServiceMock connectToDevice setzt connectedDevice","suiteID":10,"groupIDs":[40,41],"metadata":{"skip":false,"skipReason":null},"line":26,"column":5,"url":"file:///G:/ProjekteFlutter/visit_app_flutter_android/test/core/services/cast_airplay_service_test.dart"},"type":"testStart","time":7375}
{"testID":22,"result":"success","skipped":false,"hidden":true,"type":"testDone","time":7488}
{"group":{"id":53,"suiteID":21,"parentID":null,"name":"","metadata":{"skip":false,"skipReason":null},"testCount":2,"line":null,"column":null,"url":null},"type":"group","time":7488}
{"group":{"id":54,"suiteID":21,"parentID":53,"name":"EpisodePagingCacheService","metadata":{"skip":false,"skipReason":null},"testCount":2,"line":8,"column":3,"url":"file:///G:/ProjekteFlutter/visit_app_flutter_android/test/core/services/episode_paging_cache_service_test.dart"},"type":"group","time":7489}
{"test":{"id":55,"name":"EpisodePagingCacheService Speichert und l├ñdt eine Episoden-Seite korrekt","suiteID":21,"groupIDs":[53,54],"metadata":{"skip":false,"skipReason":null},"line":23,"column":5,"url":"file:///G:/ProjekteFlutter/visit_app_flutter_android/test/core/services/episode_paging_cache_service_test.dart"},"type":"testStart","time":7489}

[{"event":"test.startedProcess","params":{"vmServiceUri":null,"observatoryUri":null}}]
{"testID":55,"result":"success","skipped":false,"hidden":false,"type":"testDone","time":7561}
{"test":{"id":56,"name":"EpisodePagingCacheService isPageFresh erkennt frische und abgelaufene Seiten","suiteID":21,"groupIDs":[53,54],"metadata":{"skip":false,"skipReason":null},"line":43,"column":5,"url":"file:///G:/ProjekteFlutter/visit_app_flutter_android/test/core/services/episode_paging_cache_service_test.dart"},"type":"testStart","time":7561}
{"testID":56,"result":"success","skipped":false,"hidden":false,"type":"testDone","time":7572}
{"suite":{"id":57,"platform":"vm","path":"G:/ProjekteFlutter/visit_app_flutter_android/test/core/utils/network_cache_manager_test.dart"},"type":"suite","time":7592}
{"test":{"id":58,"name":"loading G:/ProjekteFlutter/visit_app_flutter_android/test/core/utils/network_cache_manager_test.dart","suiteID":57,"groupIDs":[],"metadata":{"skip":false,"skipReason":null},"line":null,"column":null,"url":null},"type":"testStart","time":7592}
{"testID":52,"result":"success","skipped":false,"hidden":false,"type":"testDone","time":7683}
{"test":{"id":59,"name":"CastAirPlayServiceMock disconnect setzt connectedDevice auf null","suiteID":10,"groupIDs":[40,41],"metadata":{"skip":false,"skipReason":null},"line":34,"column":5,"url":"file:///G:/ProjekteFlutter/visit_app_flutter_android/test/core/services/cast_airplay_service_test.dart"},"type":"testStart","time":7683}
{"testID":27,"result":"success","skipped":false,"hidden":true,"type":"testDone","time":7699}
{"group":{"id":60,"suiteID":26,"parentID":null,"name":"","metadata":{"skip":false,"skipReason":null},"testCount":1,"line":null,"column":null,"url":null},"type":"group","time":7699}
{"group":{"id":61,"suiteID":26,"parentID":60,"name":"iTunes-Fetch Serialisierung/Deserialisierung","metadata":{"skip":false,"skipReason":null},"testCount":1,"line":8,"column":3,"url":"file:///G:/ProjekteFlutter/visit_app_flutter_android/test/core/services/itunes_fetch_serialization_integration_test.dart"},"type":"group","time":7699}
{"test":{"id":62,"name":"iTunes-Fetch Serialisierung/Deserialisierung PodcastCollection, Podcast und PodcastEpisode bleiben 1:1 erhalten","suiteID":26,"groupIDs":[60,61],"metadata":{"skip":false,"skipReason":null},"line":9,"column":5,"url":"file:///G:/ProjekteFlutter/visit_app_flutter_android/test/core/services/itunes_fetch_serialization_integration_test.dart"},"type":"testStart","time":7699}
{"testID":62,"result":"success","skipped":false,"hidden":false,"type":"testDone","time":7746}

[{"event":"test.startedProcess","params":{"vmServiceUri":null,"observatoryUri":null}}]
{"suite":{"id":63,"platform":"vm","path":"G:/ProjekteFlutter/visit_app_flutter_android/test/core/utils/rss_parser_service_test.dart"},"type":"suite","time":7771}
{"test":{"id":64,"name":"loading G:/ProjekteFlutter/visit_app_flutter_android/test/core/utils/rss_parser_service_test.dart","suiteID":63,"groupIDs":[],"metadata":{"skip":false,"skipReason":null},"line":null,"column":null,"url":null},"type":"testStart","time":7772}
{"testID":33,"result":"success","skipped":false,"hidden":true,"type":"testDone","time":7937}
{"group":{"id":65,"suiteID":32,"parentID":null,"name":"","metadata":{"skip":false,"skipReason":null},"testCount":1,"line":null,"column":null,"url":null},"type":"group","time":7938}
{"group":{"id":66,"suiteID":32,"parentID":65,"name":"MergeService Integration mit echtem RSS-Objekt","metadata":{"skip":false,"skipReason":null},"testCount":1,"line":7,"column":3,"url":"file:///G:/ProjekteFlutter/visit_app_flutter_android/test/core/services/merge_service_rss_integration_test.dart"},"type":"group","time":7938}
{"test":{"id":67,"name":"MergeService Integration mit echtem RSS-Objekt Merge priorisiert Felder korrekt: RSS > LocalJson","suiteID":32,"groupIDs":[65,66],"metadata":{"skip":false,"skipReason":null},"line":8,"column":5,"url":"file:///G:/ProjekteFlutter/visit_app_flutter_android/test/core/services/merge_service_rss_integration_test.dart"},"type":"testStart","time":7938}

[{"event":"test.startedProcess","params":{"vmServiceUri":null,"observatoryUri":null}}]
{"testID":59,"result":"success","skipped":false,"hidden":false,"type":"testDone","time":7992}
{"suite":{"id":68,"platform":"vm","path":"G:/ProjekteFlutter/visit_app_flutter_android/test/core/utils/rss_service_live_integration_test.dart"},"type":"suite","time":8012}
{"test":{"id":69,"name":"loading G:/ProjekteFlutter/visit_app_flutter_android/test/core/utils/rss_service_live_integration_test.dart","suiteID":68,"groupIDs":[],"metadata":{"skip":false,"skipReason":null},"line":null,"column":null,"url":null},"type":"testStart","time":8012}
{"testID":67,"result":"success","skipped":false,"hidden":false,"type":"testDone","time":8048}
{"suite":{"id":70,"platform":"vm","path":"G:/ProjekteFlutter/visit_app_flutter_android/test/presentation/pages/episode_detail_page_test.dart"},"type":"suite","time":8069}
{"test":{"id":71,"name":"loading G:/ProjekteFlutter/visit_app_flutter_android/test/presentation/pages/episode_detail_page_test.dart","suiteID":70,"groupIDs":[],"metadata":{"skip":false,"skipReason":null},"line":null,"column":null,"url":null},"type":"testStart","time":8069}

[{"event":"test.startedProcess","params":{"vmServiceUri":null,"observatoryUri":null}}]
{"testID":46,"result":"success","skipped":false,"hidden":true,"type":"testDone","time":8245}
{"group":{"id":72,"suiteID":45,"parentID":null,"name":"","metadata":{"skip":false,"skipReason":null},"testCount":1,"line":null,"column":null,"url":null},"type":"group","time":8246}
{"test":{"id":73,"name":"MergeService liefert sinnvolle Daten f├╝r collectionId 1590516386","suiteID":45,"groupIDs":[72],"metadata":{"skip":false,"skipReason":null},"line":16,"column":3,"url":"file:///G:/ProjekteFlutter/visit_app_flutter_android/test/core/services/merge_service_test.dart"},"type":"testStart","time":8246}
{"testID":73,"error":"Unable to load asset: \"assets/placeholders/host_model.json\".\nThe asset does not exist or has empty data.","stackTrace":"package:flutter/src/services/asset_bundle.dart 341:7                                    PlatformAssetBundle.load\npackage:flutter/src/services/asset_bundle.dart 92:33                                    AssetBundle.loadString\npackage:flutter/src/services/asset_bundle.dart 194:56                                   CachingAssetBundle.loadString.<fn>\ndart:_compact_hash                                                                      _LinkedHashMapMixin.putIfAbsent\npackage:flutter/src/services/asset_bundle.dart 194:27                                   CachingAssetBundle.loadString\npackage:empty_flutter_template/core/placeholders/placeholder_loader_service.dart 22:39  PlaceholderLoaderService.init\ntest\\core\\services\\merge_service_test.dart 30:38                                        main.<fn>\n","isFailure":false,"type":"error","time":8339}
{"testID":73,"result":"error","skipped":false,"hidden":false,"type":"testDone","time":8340}
{"suite":{"id":74,"platform":"vm","path":"G:/ProjekteFlutter/visit_app_flutter_android/test/presentation/widgets/bottom_player_widget_test.dart"},"type":"suite","time":8358}
{"test":{"id":75,"name":"loading G:/ProjekteFlutter/visit_app_flutter_android/test/presentation/widgets/bottom_player_widget_test.dart","suiteID":74,"groupIDs":[],"metadata":{"skip":false,"skipReason":null},"line":null,"column":null,"url":null},"type":"testStart","time":8359}

[{"event":"test.startedProcess","params":{"vmServiceUri":null,"observatoryUri":null}}]
{"testID":51,"result":"success","skipped":false,"hidden":true,"type":"testDone","time":8508}
{"group":{"id":76,"suiteID":50,"parentID":null,"name":"","metadata":{"skip":false,"skipReason":null},"testCount":1,"line":null,"column":null,"url":null},"type":"group","time":8509}
{"group":{"id":77,"suiteID":50,"parentID":76,"name":"MergeService UnitTest","metadata":{"skip":false,"skipReason":null},"testCount":1,"line":23,"column":3,"url":"file:///G:/ProjekteFlutter/visit_app_flutter_android/test/core/services/merge_service_unit_test.dart"},"type":"group","time":8509}
{"test":{"id":78,"name":"MergeService UnitTest Merging mit Mockdaten f├╝r 1590516386","suiteID":50,"groupIDs":[76,77],"metadata":{"skip":false,"skipReason":null},"line":24,"column":5,"url":"file:///G:/ProjekteFlutter/visit_app_flutter_android/test/core/services/merge_service_unit_test.dart"},"type":"testStart","time":8509}
{"testID":78,"result":"success","skipped":false,"hidden":false,"type":"testDone","time":8576}
{"suite":{"id":79,"platform":"vm","path":"G:/ProjekteFlutter/visit_app_flutter_android/test/presentation/widgets/cast_airplay_button_test.dart"},"type":"suite","time":8598}
{"test":{"id":80,"name":"loading G:/ProjekteFlutter/visit_app_flutter_android/test/presentation/widgets/cast_airplay_button_test.dart","suiteID":79,"groupIDs":[],"metadata":{"skip":false,"skipReason":null},"line":null,"column":null,"url":null},"type":"testStart","time":8599}

[{"event":"test.startedProcess","params":{"vmServiceUri":null,"observatoryUri":null}}]
{"testID":58,"result":"success","skipped":false,"hidden":true,"type":"testDone","time":8679}
{"group":{"id":81,"suiteID":57,"parentID":null,"name":"","metadata":{"skip":false,"skipReason":null},"testCount":2,"line":null,"column":null,"url":null},"type":"group","time":8679}
{"group":{"id":82,"suiteID":57,"parentID":81,"name":"NetworkCacheManager Tests","metadata":{"skip":false,"skipReason":null},"testCount":2,"line":10,"column":3,"url":"file:///G:/ProjekteFlutter/visit_app_flutter_android/test/core/utils/network_cache_manager_test.dart"},"type":"group","time":8679}
{"test":{"id":83,"name":"NetworkCacheManager Tests should return true if resource is expired","suiteID":57,"groupIDs":[81,82],"metadata":{"skip":false,"skipReason":null},"line":19,"column":5,"url":"file:///G:/ProjekteFlutter/visit_app_flutter_android/test/core/utils/network_cache_manager_test.dart"},"type":"testStart","time":8679}
{"testID":83,"result":"success","skipped":false,"hidden":false,"type":"testDone","time":8717}
{"test":{"id":84,"name":"NetworkCacheManager Tests should update timestamp for a resource","suiteID":57,"groupIDs":[81,82],"metadata":{"skip":false,"skipReason":null},"line":36,"column":5,"url":"file:///G:/ProjekteFlutter/visit_app_flutter_android/test/core/utils/network_cache_manager_test.dart"},"type":"testStart","time":8717}
{"testID":84,"result":"success","skipped":false,"hidden":false,"type":"testDone","time":8730}
{"suite":{"id":85,"platform":"vm","path":"G:/ProjekteFlutter/visit_app_flutter_android/test/widget_test.dart"},"type":"suite","time":8838}
{"test":{"id":86,"name":"loading G:/ProjekteFlutter/visit_app_flutter_android/test/widget_test.dart","suiteID":85,"groupIDs":[],"metadata":{"skip":false,"skipReason":null},"line":null,"column":null,"url":null},"type":"testStart","time":8839}

[{"event":"test.startedProcess","params":{"vmServiceUri":null,"observatoryUri":null}}]
{"testID":64,"result":"success","skipped":false,"hidden":true,"type":"testDone","time":8982}
{"group":{"id":87,"suiteID":63,"parentID":null,"name":"","metadata":{"skip":false,"skipReason":null},"testCount":1,"line":null,"column":null,"url":null},"type":"group","time":8983}
{"group":{"id":88,"suiteID":63,"parentID":87,"name":"RssParserService","metadata":{"skip":false,"skipReason":null},"testCount":1,"line":6,"column":3,"url":"file:///G:/ProjekteFlutter/visit_app_flutter_android/test/core/utils/rss_parser_service_test.dart"},"type":"group","time":8983}
{"test":{"id":89,"name":"RssParserService parst RSS-Feed aus String korrekt","suiteID":63,"groupIDs":[87,88],"metadata":{"skip":false,"skipReason":null},"line":7,"column":5,"url":"file:///G:/ProjekteFlutter/visit_app_flutter_android/test/core/utils/rss_parser_service_test.dart"},"type":"testStart","time":8983}
{"testID":89,"result":"success","skipped":false,"hidden":false,"type":"testDone","time":9082}
{"testID":69,"result":"success","skipped":false,"hidden":true,"type":"testDone","time":9178}
{"group":{"id":90,"suiteID":68,"parentID":null,"name":"","metadata":{"skip":false,"skipReason":null},"testCount":1,"line":null,"column":null,"url":null},"type":"group","time":9180}
{"group":{"id":91,"suiteID":68,"parentID":90,"name":"Live RSS Integration","metadata":{"skip":false,"skipReason":null},"testCount":1,"line":7,"column":3,"url":"file:///G:/ProjekteFlutter/visit_app_flutter_android/test/core/utils/rss_service_live_integration_test.dart"},"type":"group","time":9180}
{"test":{"id":92,"name":"Live RSS Integration anchor.fm Feed wird erfolgreich geladen, geparst und ausgegeben","suiteID":68,"groupIDs":[90,91],"metadata":{"skip":false,"skipReason":null},"line":8,"column":5,"url":"file:///G:/ProjekteFlutter/visit_app_flutter_android/test/core/utils/rss_service_live_integration_test.dart"},"type":"testStart","time":9180}

[{"event":"test.startedProcess","params":{"vmServiceUri":null,"observatoryUri":null}}]

[{"event":"test.startedProcess","params":{"vmServiceUri":null,"observatoryUri":null}}]
{"testID":71,"result":"success","skipped":false,"hidden":true,"type":"testDone","time":9473}
{"group":{"id":93,"suiteID":70,"parentID":null,"name":"","metadata":{"skip":false,"skipReason":null},"testCount":1,"line":null,"column":null,"url":null},"type":"group","time":9473}
{"test":{"id":94,"name":"(setUpAll)","suiteID":70,"groupIDs":[93],"metadata":{"skip":false,"skipReason":null},"line":15,"column":3,"url":"file:///G:/ProjekteFlutter/visit_app_flutter_android/test/presentation/pages/episode_detail_page_test.dart"},"type":"testStart","time":9473}
{"testID":94,"result":"success","skipped":false,"hidden":true,"type":"testDone","time":9517}
{"test":{"id":95,"name":"EpisodeDetailPage zeigt Fortschrittsbalken (Slider) und Zeitanzeige korrekt","suiteID":70,"groupIDs":[93],"metadata":{"skip":false,"skipReason":null},"line":175,"column":5,"url":"package:flutter_test/src/widget_tester.dart","root_line":19,"root_column":3,"root_url":"file:///G:/ProjekteFlutter/visit_app_flutter_android/test/presentation/pages/episode_detail_page_test.dart"},"type":"testStart","time":9517}
{"testID":92,"messageType":"print","message":"--- RSS-Daten ---","type":"print","time":9582}
{"testID":92,"messageType":"print","message":"Beschreibung: \\Buchautorin Sabine Guhr-Biermann im lebendigen Talk mit Ihren G├ñsten, bringt vielschichtige Themenbereiche wie: Familie, Partnerschaft, Business, Teilpers├Ânlichkeiten, Kindheitsmuster, Karma, Astrologie, spirituelle Themen und vieles mehr, aus spirituell energetischer Sicht, logisch und n├╝chtern erkl├ñrt, auf den Punkt.\n\nDer Zuh├Ârer erh├ñlt nicht nur einen hohen und lebendigen Unterhaltungswert, sondern gleichzeitig auch viele Erkl├ñrungsans├ñtze, die ihn selbst zum Nachdenken anregen.\n\nModeration: Sabine Guhr-Biermann\nTon Assistenz und Musik: Sergio Serafino","type":"print","time":9595}
{"testID":92,"messageType":"print","message":"Logo-URL: \\https://d3t3ozftmdmh3i.cloudfront.net/production/podcast_uploaded_nologo/17977734/17977734-1672751351184-cbbb0cbf72eff.jpg","type":"print","time":9595}
{"testID":92,"messageType":"print","message":"Autor: \\Sabine Guhr-Biermann","type":"print","time":9595}
{"testID":92,"messageType":"print","message":"Owner-Email: \\sabine@opalia.de","type":"print","time":9596}
{"testID":92,"error":"PathAccessException: Cannot open file, path = 'test_output.txt' (OS Error: Der Prozess kann nicht auf die Datei zugreifen, da sie von einem anderen Prozess verwendet wird.\r\n, errno = 32)","stackTrace":"dart:io                                                       _File.writeAsString\ntest\\core\\utils\\rss_service_live_integration_test.dart 24:20  main.<fn>.<fn>\n===== asynchronous gap ===========================\ndart:async                                                    _CustomZone.registerUnaryCallback\ntest\\core\\utils\\rss_service_live_integration_test.dart 14:25  main.<fn>.<fn>\n","isFailure":false,"type":"error","time":9597}
{"testID":92,"result":"error","skipped":false,"hidden":false,"type":"testDone","time":9598}

[{"event":"test.startedProcess","params":{"vmServiceUri":null,"observatoryUri":null}}]
{"testID":75,"result":"success","skipped":false,"hidden":true,"type":"testDone","time":9737}
{"group":{"id":96,"suiteID":74,"parentID":null,"name":"","metadata":{"skip":false,"skipReason":null},"testCount":2,"line":null,"column":null,"url":null},"type":"group","time":9737}
{"test":{"id":97,"name":"(setUpAll)","suiteID":74,"groupIDs":[96],"metadata":{"skip":false,"skipReason":null},"line":14,"column":3,"url":"file:///G:/ProjekteFlutter/visit_app_flutter_android/test/presentation/widgets/bottom_player_widget_test.dart"},"type":"testStart","time":9737}
{"testID":97,"result":"success","skipped":false,"hidden":true,"type":"testDone","time":9759}
{"test":{"id":98,"name":"BottomPlayerWidget Integration: Play mit echter OpaliaTalk-Episode","suiteID":74,"groupIDs":[96],"metadata":{"skip":false,"skipReason":null},"line":175,"column":5,"url":"package:flutter_test/src/widget_tester.dart","root_line":18,"root_column":3,"root_url":"file:///G:/ProjekteFlutter/visit_app_flutter_android/test/presentation/widgets/bottom_player_widget_test.dart"},"type":"testStart","time":9759}
{"testID":80,"result":"success","skipped":false,"hidden":true,"type":"testDone","time":9918}
{"group":{"id":99,"suiteID":79,"parentID":null,"name":"","metadata":{"skip":false,"skipReason":null},"testCount":2,"line":null,"column":null,"url":null},"type":"group","time":9918}
{"test":{"id":100,"name":"CastAirPlayButton zeigt Icon und Status korrekt","suiteID":79,"groupIDs":[99],"metadata":{"skip":false,"skipReason":null},"line":175,"column":5,"url":"package:flutter_test/src/widget_tester.dart","root_line":6,"root_column":3,"root_url":"file:///G:/ProjekteFlutter/visit_app_flutter_android/test/presentation/widgets/cast_airplay_button_test.dart"},"type":"testStart","time":9918}
{"testID":86,"result":"success","skipped":false,"hidden":true,"type":"testDone","time":10059}
{"group":{"id":101,"suiteID":85,"parentID":null,"name":"","metadata":{"skip":false,"skipReason":null},"testCount":1,"line":null,"column":null,"url":null},"type":"group","time":10059}
{"group":{"id":102,"suiteID":85,"parentID":101,"name":"Beispiel UseCase","metadata":{"skip":false,"skipReason":null},"testCount":1,"line":8,"column":3,"url":"file:///G:/ProjekteFlutter/visit_app_flutter_android/test/widget_test.dart"},"type":"group","time":10059}
{"test":{"id":103,"name":"Beispiel UseCase should return expected result when ...","suiteID":85,"groupIDs":[101,102],"metadata":{"skip":false,"skipReason":null},"line":10,"column":5,"url":"file:///G:/ProjekteFlutter/visit_app_flutter_android/test/widget_test.dart"},"type":"testStart","time":10059}
{"testID":103,"result":"success","skipped":false,"hidden":false,"type":"testDone","time":10076}
{"testID":95,"result":"success","skipped":false,"hidden":false,"type":"testDone","time":10461}
{"test":{"id":104,"name":"(tearDownAll)","suiteID":70,"groupIDs":[93],"metadata":{"skip":false,"skipReason":null},"line":null,"column":null,"url":null},"type":"testStart","time":10461}
{"testID":104,"result":"success","skipped":false,"hidden":true,"type":"testDone","time":10465}
{"testID":100,"result":"success","skipped":false,"hidden":false,"type":"testDone","time":10485}
{"test":{"id":105,"name":"CastAirPlayButton reagiert robust auf State-Wechsel","suiteID":79,"groupIDs":[99],"metadata":{"skip":false,"skipReason":null},"line":175,"column":5,"url":"package:flutter_test/src/widget_tester.dart","root_line":52,"root_column":3,"root_url":"file:///G:/ProjekteFlutter/visit_app_flutter_android/test/presentation/widgets/cast_airplay_button_test.dart"},"type":"testStart","time":10486}
{"testID":98,"messageType":"print","message":"[AudioPlayerBloc] Leere oder ung├╝ltige URL: \"\"","type":"print","time":10493}
{"testID":98,"result":"success","skipped":false,"hidden":false,"type":"testDone","time":10503}
{"test":{"id":106,"name":"BottomPlayerWidget ist robust gegen State-Wechsel und UI-├änderungen","suiteID":74,"groupIDs":[96],"metadata":{"skip":false,"skipReason":null},"line":175,"column":5,"url":"package:flutter_test/src/widget_tester.dart","root_line":76,"root_column":3,"root_url":"file:///G:/ProjekteFlutter/visit_app_flutter_android/test/presentation/widgets/bottom_player_widget_test.dart"},"type":"testStart","time":10503}
{"testID":105,"result":"success","skipped":false,"hidden":false,"type":"testDone","time":10541}
{"testID":106,"result":"success","skipped":false,"hidden":false,"type":"testDone","time":10545}
{"test":{"id":107,"name":"(tearDownAll)","suiteID":74,"groupIDs":[96],"metadata":{"skip":false,"skipReason":null},"line":null,"column":null,"url":null},"type":"testStart","time":10545}
{"testID":107,"result":"success","skipped":false,"hidden":true,"type":"testDone","time":10548}
{"success":false,"type":"done","time":10570}
